// Jest Snapshot v1, https://goo.gl/fbAQLP

exports[`<HeaderNavigation /> should match snapshot 1`] = `
<HeaderNavigation__Root>
  <Link
    href="/"
  >
    <HeaderNavigation__NavLink>
      Home
    </HeaderNavigation__NavLink>
  </Link>
  <Link
    href="/about"
  >
    <HeaderNavigation__NavLink>
      About
    </HeaderNavigation__NavLink>
  </Link>
  <Link
    href="/shop"
  >
    <HeaderNavigation__NavLink>
      Shop
    </HeaderNavigation__NavLink>
  </Link>
</HeaderNavigation__Root>
`;
