// Jest Snapshot v1, https://goo.gl/fbAQLP

exports[`<HeaderNavigation /> should match snapshot 1`] = `
<div>
  <nav
    class="HeaderNavigation__Root-ixstj1-1 buTUPC"
  >
    <a
      class="HeaderNavigation__NavLink-ixstj1-0 bzKWdB A-sc-1g6vast-0 YkdzD"
    >
      Home
    </a>
    <a
      class="HeaderNavigation__NavLink-ixstj1-0 bzKWdB A-sc-1g6vast-0 YkdzD"
    >
      About
    </a>
    <a
      class="HeaderNavigation__NavLink-ixstj1-0 bzKWdB A-sc-1g6vast-0 YkdzD"
    >
      Shop
    </a>
  </nav>
</div>
`;
