// Jest Snapshot v1, https://goo.gl/fbAQLP

exports[`<HomePage /> should match snapshot 1`] = `
<div>
  <div
    class="Container-sc-1kdd3x2-0 kwPFyY"
  >
    <h1>
      Hello World from Home Page
    </h1>
    <form>
      <h4>
        Create Shop Item
      </h4>
      <div
        class="FileDropZone__Root-sc-35h5ti-0 gQXZSm"
        tabindex="0"
      >
        <input
          autocomplete="off"
          multiple=""
          style="display: none;"
          tabindex="-1"
          type="file"
        />
        Drop it!
      </div>
      <input
        name="title"
        placeholder="Title"
        type="text"
        value=""
      />
      <button
        type="submit"
      >
        Create
      </button>
    </form>
    <hr />
    <div
      class="HomePage__ShopItemsList-sc-3wrzrk-0 gsXTOu"
    />
  </div>
</div>
`;
