// Jest Snapshot v1, https://goo.gl/fbAQLP

exports[`<HomePage /> should match snapshot 1`] = `
<div>
  <h1>
    Hello World from Home Page
  </h1>
  <form>
    <h4>
      Create Shop Item
    </h4>
    <input
      name="title"
      placeholder="Title"
      type="text"
      value=""
    />
    <button
      type="submit"
    >
      Create
    </button>
  </form>
  <hr />
</div>
`;
