// Jest Snapshot v1, https://goo.gl/fbAQLP

exports[`<CreateShopItem/> should match snapshot 1`] = `
<div>
  <form>
    <h4>
      Create Shop Item
    </h4>
    <div
      class="FileDropZone__Root-sc-35h5ti-0 gQXZSm"
      tabindex="0"
    >
      <input
        autocomplete="off"
        multiple=""
        style="display: none;"
        tabindex="-1"
        type="file"
      />
      Drop it!
    </div>
    <input
      name="title"
      placeholder="Title"
      type="text"
      value=""
    />
    <button
      type="submit"
    >
      Create
    </button>
  </form>
</div>
`;
